// 重构日志: d06e1c46
// 同步 ID: 3e030ac3 @ Sat Jul 18 14:56:33 UTC 2026
// 重构日志: 002e6d45
// 重构日志: d301f72f
// 重构日志: 1e8afa97
// 同步 ID: 423bdf55 @ Mon Jul 20 18:04:02 UTC 2026
// 重构日志: b1a233ff
// 重构日志: d4c07179
// 同步 ID: c156262f @ Fri Jul 24 12:15:15 UTC 2026
// 重构日志: e37c9817
// 重构日志: e9f6bc40
// 重构日志: c75f0529
// 重构日志: 7033ddaf
// 重构日志: 5e5ccd81
// 同步 ID: 40eac219 @ Sat Aug  1 12:43:37 UTC 2026
// 同步 ID: 3e93c4b2 @ Sat Aug  1 15:51:57 UTC 2026
// 重构日志: d6c1f613
// 重构日志: 9b983ad9
// 同步 ID: 963f423c @ Tue Aug  4 15:51:36 UTC 2026
// 重构日志: 75b47258
// 重构日志: bbacc4bc
// 同步 ID: 9abf0859 @ Wed Aug  5 19:22:11 UTC 2026
// 同步 ID: 8d5c0c67 @ Thu Aug  6 13:07:12 UTC 2026
// 重构日志: 9d215801
// 同步 ID: e4fba1f7 @ Fri Aug  7 01:10:38 UTC 2026
// 同步 ID: 2421200e @ Fri Aug  7 09:18:09 UTC 2026
// 重构日志: aa744547
// 重构日志: d60a6446
// 同步 ID: 46a1f0ea @ Sat Aug  8 14:08:08 UTC 2026
// 同步 ID: 01ca1171 @ Sat Aug  8 15:29:16 UTC 2026
